

  Sinon sandboxing
    ✓ creates a stub
    ✓ creates a stub on the same object


  2 passing (0ms)

Done
