

  Code coverage
    âœ“ test one of the functions


  1 passing (0ms)

----------------|----------|----------|----------|----------|----------------|
File            |  % Stmts | % Branch |  % Funcs |  % Lines |Uncovered Lines |
----------------|----------|----------|----------|----------|----------------|
 code-coverage/ |       50 |      100 |       50 |       50 |                |
  test.js       |       50 |      100 |       50 |       50 |              6 |
----------------|----------|----------|----------|----------|----------------|
All files       |       50 |      100 |       50 |       50 |                |
----------------|----------|----------|----------|----------|----------------|

Done
